from_configuration_name	delivered_message_source_agent_name	delivered_message_name	delivered_message_data	delivered_message_target_agent_name	to_configuration_name
client-1 @ idle , client-2 @ idle , server @ ready	idle	time	None	client-1	client-1 @ wait , client-2 @ idle , server @ ready ; client-1 -> request / client-1 -> server
client-1 @ idle , client-2 @ idle , server @ ready	idle	time	None	client-2	client-1 @ idle , client-2 @ wait , server @ ready ; client-2 -> request / client-2 -> server
client-1 @ idle , client-2 @ wait , server @ busy / ('client-2',)	busy	time	None	server	client-1 @ idle , client-2 @ wait , server @ ready ; server -> response / client-2 -> client-2
client-1 @ idle , client-2 @ wait , server @ busy / ('client-2',)	idle	time	None	client-1	client-1 @ wait , client-2 @ wait , server @ busy / ('client-2',) ; client-1 -> request / client-1 -> server
client-1 @ idle , client-2 @ wait , server @ ready ; client-2 -> request / client-2 -> server	client-2	request	client-2	server	client-1 @ idle , client-2 @ wait , server @ busy / ('client-2',)
client-1 @ idle , client-2 @ wait , server @ ready ; client-2 -> request / client-2 -> server	idle	time	None	client-1	client-1 @ wait , client-2 @ wait , server @ ready ; client-1 -> request / client-1 -> server , client-2 -> request / client-2 -> server
client-1 @ idle , client-2 @ wait , server @ ready ; server -> response / client-2 -> client-2	idle	time	None	client-1	client-1 @ wait , client-2 @ wait , server @ ready ; client-1 -> request / client-1 -> server , server -> response / client-2 -> client-2
client-1 @ idle , client-2 @ wait , server @ ready ; server -> response / client-2 -> client-2	server	response	client-2	client-2	client-1 @ idle , client-2 @ idle , server @ ready
client-1 @ wait , client-2 @ idle , server @ busy / ('client-1',)	busy	time	None	server	client-1 @ wait , client-2 @ idle , server @ ready ; server -> response / client-1 -> client-1
client-1 @ wait , client-2 @ idle , server @ busy / ('client-1',)	idle	time	None	client-2	client-1 @ wait , client-2 @ wait , server @ busy / ('client-1',) ; client-2 -> request / client-2 -> server
client-1 @ wait , client-2 @ idle , server @ ready ; client-1 -> request / client-1 -> server	client-1	request	client-1	server	client-1 @ wait , client-2 @ idle , server @ busy / ('client-1',)
client-1 @ wait , client-2 @ idle , server @ ready ; client-1 -> request / client-1 -> server	idle	time	None	client-2	client-1 @ wait , client-2 @ wait , server @ ready ; client-1 -> request / client-1 -> server , client-2 -> request / client-2 -> server
client-1 @ wait , client-2 @ idle , server @ ready ; server -> response / client-1 -> client-1	idle	time	None	client-2	client-1 @ wait , client-2 @ wait , server @ ready ; client-2 -> request / client-2 -> server , server -> response / client-1 -> client-1
client-1 @ wait , client-2 @ idle , server @ ready ; server -> response / client-1 -> client-1	server	response	client-1	client-1	client-1 @ idle , client-2 @ idle , server @ ready
client-1 @ wait , client-2 @ wait , server @ busy / ('client-1',) ; client-2 -> request / client-2 -> server	busy	time	None	server	client-1 @ wait , client-2 @ wait , server @ ready ; client-2 -> request / client-2 -> server , server -> response / client-1 -> client-1
client-1 @ wait , client-2 @ wait , server @ busy / ('client-1',) ; client-2 -> request / client-2 -> server	client-2	request	client-2	server	client-1 @ wait , client-2 @ wait , server @ busy / ('client-1', 'client-2') ! agent: server is invalid because: hold two requests
client-1 @ wait , client-2 @ wait , server @ busy / ('client-1',) ; server -> response / client-2 -> client-2	busy	time	None	server	client-1 @ wait , client-2 @ wait , server @ ready ; server -> response / client-1 -> client-1 , server -> response / client-2 -> client-2
client-1 @ wait , client-2 @ wait , server @ busy / ('client-1',) ; server -> response / client-2 -> client-2	server	response	client-2	client-2	client-1 @ wait , client-2 @ idle , server @ busy / ('client-1',)
client-1 @ wait , client-2 @ wait , server @ busy / ('client-2',) ; client-1 -> request / client-1 -> server	busy	time	None	server	client-1 @ wait , client-2 @ wait , server @ ready ; client-1 -> request / client-1 -> server , server -> response / client-2 -> client-2
client-1 @ wait , client-2 @ wait , server @ busy / ('client-2',) ; client-1 -> request / client-1 -> server	client-1	request	client-1	server	client-1 @ wait , client-2 @ wait , server @ busy / ('client-2', 'client-1') ! agent: server is invalid because: hold two requests
client-1 @ wait , client-2 @ wait , server @ busy / ('client-2',) ; server -> response / client-1 -> client-1	busy	time	None	server	client-1 @ wait , client-2 @ wait , server @ ready ; server -> response / client-1 -> client-1 , server -> response / client-2 -> client-2
client-1 @ wait , client-2 @ wait , server @ busy / ('client-2',) ; server -> response / client-1 -> client-1	server	response	client-1	client-1	client-1 @ idle , client-2 @ wait , server @ busy / ('client-2',)
client-1 @ wait , client-2 @ wait , server @ ready ; client-1 -> request / client-1 -> server , client-2 -> request / client-2 -> server	client-1	request	client-1	server	client-1 @ wait , client-2 @ wait , server @ busy / ('client-1',) ; client-2 -> request / client-2 -> server
client-1 @ wait , client-2 @ wait , server @ ready ; client-1 -> request / client-1 -> server , client-2 -> request / client-2 -> server	client-2	request	client-2	server	client-1 @ wait , client-2 @ wait , server @ busy / ('client-2',) ; client-1 -> request / client-1 -> server
client-1 @ wait , client-2 @ wait , server @ ready ; client-1 -> request / client-1 -> server , server -> response / client-2 -> client-2	client-1	request	client-1	server	client-1 @ wait , client-2 @ wait , server @ busy / ('client-1',) ; server -> response / client-2 -> client-2
client-1 @ wait , client-2 @ wait , server @ ready ; client-1 -> request / client-1 -> server , server -> response / client-2 -> client-2	server	response	client-2	client-2	client-1 @ wait , client-2 @ idle , server @ ready ; client-1 -> request / client-1 -> server
client-1 @ wait , client-2 @ wait , server @ ready ; client-2 -> request / client-2 -> server , server -> response / client-1 -> client-1	client-2	request	client-2	server	client-1 @ wait , client-2 @ wait , server @ busy / ('client-2',) ; server -> response / client-1 -> client-1
client-1 @ wait , client-2 @ wait , server @ ready ; client-2 -> request / client-2 -> server , server -> response / client-1 -> client-1	server	response	client-1	client-1	client-1 @ idle , client-2 @ wait , server @ ready ; client-2 -> request / client-2 -> server
client-1 @ wait , client-2 @ wait , server @ ready ; server -> response / client-1 -> client-1 , server -> response / client-2 -> client-2	server	response	client-1	client-1	client-1 @ idle , client-2 @ wait , server @ ready ; server -> response / client-2 -> client-2
client-1 @ wait , client-2 @ wait , server @ ready ; server -> response / client-1 -> client-1 , server -> response / client-2 -> client-2	server	response	client-2	client-2	client-1 @ wait , client-2 @ idle , server @ ready ; server -> response / client-1 -> client-1
