digraph G {
fontname = "Sans-Serif";
fontsize = 32;
node [ fontname = "Sans-Serif" ];
edge [ fontname = "Sans-Serif" ];
label = "Total Space";
"client @ idle , client-0 @ check , client-1 @ check , server @ ready ; client -> confirm! / client-0 -> client-0 , client-1 -> check / client-1 -> client" -> "client @ idle , client-0 @ idle , client-1 @ check , server @ ready ; client-1 -> check / client-1 -> client" [ penwidth=3, label="client &rarr;
confirm! / client-0
&rarr; client-0" ];
"client @ idle , client-0 @ check , client-1 @ check , server @ ready ; client -> confirm! / client-1 -> client-1 , client-0 -> check / client-0 -> client" -> "client @ idle , client-0 @ check , client-1 @ idle , server @ ready ; client-0 -> check / client-0 -> client" [ penwidth=3, label="client &rarr;
confirm! / client-1
&rarr; client-1" ];
"client @ idle , client-0 @ check , client-1 @ check , server @ ready ; client-0 -> check / client-0 -> client , client-1 -> check / client-1 -> client" -> "client @ idle , client-0 @ check , client-1 @ check , server @ ready ; client -> confirm! / client-0 -> client-0 , client-1 -> check / client-1 -> client" [ penwidth=3, label="client-0 &rarr;
check / client-0
&rarr; client" ];
"client @ idle , client-0 @ check , client-1 @ check , server @ ready ; client-0 -> check / client-0 -> client , client-1 -> check / client-1 -> client" -> "client @ idle , client-0 @ check , client-1 @ check , server @ ready ; client -> confirm! / client-1 -> client-1 , client-0 -> check / client-0 -> client" [ penwidth=3, label="client-1 &rarr;
check / client-1
&rarr; client" ];
"client @ idle , client-0 @ check , client-1 @ idle , server @ ready ; client -> confirm! / client-0 -> client-0" -> "client @ idle , client-0 @ idle , client-1 @ idle , server @ ready" [ penwidth=3, label="client &rarr;
confirm! / client-0
&rarr; client-0" ];
"client @ idle , client-0 @ check , client-1 @ idle , server @ ready ; client-0 -> check / client-0 -> client" -> "client @ idle , client-0 @ check , client-1 @ check , server @ ready ; client-0 -> check / client-0 -> client , client-1 -> check / client-1 -> client" [ penwidth=3, label="@ idle &rarr;
time
&rarr; client-1" ];
"client @ idle , client-0 @ check , client-1 @ idle , server @ ready ; client-0 -> check / client-0 -> client" -> "client @ idle , client-0 @ check , client-1 @ wait , server @ ready ; client-0 -> check / client-0 -> client , client-1 -> request / client-1 -> server" [ penwidth=3, label="@ idle &rarr;
time
&rarr; client-1" ];
"client @ idle , client-0 @ check , client-1 @ idle , server @ ready ; client-0 -> check / client-0 -> client" -> "client @ idle , client-0 @ check , client-1 @ idle , server @ ready ; client -> confirm! / client-0 -> client-0" [ penwidth=3, label="client-0 &rarr;
check / client-0
&rarr; client" ];
"client @ idle , client-0 @ check , client-1 @ wait , server @ ready ; client -> confirm! / client-0 -> client-0 , client-1 -> request / client-1 -> server" -> "client @ idle , client-0 @ idle , client-1 @ wait , server @ ready ; client-1 -> request / client-1 -> server" [ penwidth=3, label="client &rarr;
confirm! / client-0
&rarr; client-0" ];
"client @ idle , client-0 @ check , client-1 @ wait , server @ ready ; client-0 -> check / client-0 -> client , client-1 -> request / client-1 -> server" -> "client @ idle , client-0 @ check , client-1 @ wait , server @ ready ; client -> confirm! / client-0 -> client-0 , client-1 -> request / client-1 -> server" [ penwidth=3, label="client-0 &rarr;
check / client-0
&rarr; client" ];
"client @ idle , client-0 @ check , client-1 @ wait , server @ ready ; client-0 -> check / client-0 -> client , client-1 -> request / client-1 -> server" -> "client @ idle , client-0 @ check , client-1 @ wait , server @ busy / client-1 ; client-0 -> check / client-0 -> client ! agent: server is invalid because: client-1 is banned" [ penwidth=3, label="client-1 &rarr;
request / client-1
&rarr; server" ];
"client @ idle , client-0 @ idle , client-1 @ check , server @ ready ; client -> confirm! / client-1 -> client-1" -> "client @ idle , client-0 @ idle , client-1 @ idle , server @ ready" [ penwidth=3, label="client &rarr;
confirm! / client-1
&rarr; client-1" ];
"client @ idle , client-0 @ idle , client-1 @ check , server @ ready ; client-1 -> check / client-1 -> client" -> "client @ idle , client-0 @ check , client-1 @ check , server @ ready ; client-0 -> check / client-0 -> client , client-1 -> check / client-1 -> client" [ penwidth=3, label="@ idle &rarr;
time
&rarr; client-0" ];
"client @ idle , client-0 @ idle , client-1 @ check , server @ ready ; client-1 -> check / client-1 -> client" -> "client @ idle , client-0 @ wait , client-1 @ check , server @ ready ; client-0 -> request / client-0 -> server , client-1 -> check / client-1 -> client" [ penwidth=3, label="@ idle &rarr;
time
&rarr; client-0" ];
"client @ idle , client-0 @ idle , client-1 @ check , server @ ready ; client-1 -> check / client-1 -> client" -> "client @ idle , client-0 @ idle , client-1 @ check , server @ ready ; client -> confirm! / client-1 -> client-1" [ penwidth=3, label="client-1 &rarr;
check / client-1
&rarr; client" ];
"client @ idle , client-0 @ idle , client-1 @ idle , server @ ready" -> "client @ idle , client-0 @ check , client-1 @ idle , server @ ready ; client-0 -> check / client-0 -> client" [ penwidth=3, label="@ idle &rarr;
time
&rarr; client-0" ];
"client @ idle , client-0 @ idle , client-1 @ idle , server @ ready" -> "client @ idle , client-0 @ wait , client-1 @ idle , server @ ready ; client-0 -> request / client-0 -> server" [ penwidth=3, label="@ idle &rarr;
time
&rarr; client-0" ];
"client @ idle , client-0 @ idle , client-1 @ idle , server @ ready" -> "client @ idle , client-0 @ idle , client-1 @ check , server @ ready ; client-1 -> check / client-1 -> client" [ penwidth=3, label="@ idle &rarr;
time
&rarr; client-1" ];
"client @ idle , client-0 @ idle , client-1 @ idle , server @ ready" -> "client @ idle , client-0 @ idle , client-1 @ wait , server @ ready ; client-1 -> request / client-1 -> server" [ penwidth=3, label="@ idle &rarr;
time
&rarr; client-1" ];
"client @ idle , client-0 @ idle , client-1 @ wait , server @ ready ; client-1 -> request / client-1 -> server" -> "client @ idle , client-0 @ check , client-1 @ wait , server @ ready ; client-0 -> check / client-0 -> client , client-1 -> request / client-1 -> server" [ penwidth=3, label="@ idle &rarr;
time
&rarr; client-0" ];
"client @ idle , client-0 @ idle , client-1 @ wait , server @ ready ; client-1 -> request / client-1 -> server" -> "client @ idle , client-0 @ wait , client-1 @ wait , server @ ready ; client-0 -> request / client-0 -> server , client-1 -> request / client-1 -> server" [ penwidth=3, label="@ idle &rarr;
time
&rarr; client-0" ];
"client @ idle , client-0 @ idle , client-1 @ wait , server @ ready ; client-1 -> request / client-1 -> server" -> "client @ idle , client-0 @ idle , client-1 @ wait , server @ busy / client-1 ! agent: server is invalid because: client-1 is banned" [ penwidth=3, label="client-1 &rarr;
request / client-1
&rarr; server" ];
"client @ idle , client-0 @ wait , client-1 @ check , server @ busy / client-0 ; client -> confirm! / client-1 -> client-1" -> "client @ idle , client-0 @ wait , client-1 @ idle , server @ busy / client-0" [ penwidth=3, label="client &rarr;
confirm! / client-1
&rarr; client-1" ];
"client @ idle , client-0 @ wait , client-1 @ check , server @ busy / client-0 ; client-1 -> check / client-1 -> client" -> "client @ idle , client-0 @ wait , client-1 @ check , server @ ready ; client-1 -> check / client-1 -> client , server -> response / client-0 -> client-0" [ penwidth=3, label="@ busy &rarr;
time
&rarr; server" ];
"client @ idle , client-0 @ wait , client-1 @ check , server @ busy / client-0 ; client-1 -> check / client-1 -> client" -> "client @ idle , client-0 @ wait , client-1 @ check , server @ busy / client-0 ; client -> confirm! / client-1 -> client-1" [ penwidth=3, label="client-1 &rarr;
check / client-1
&rarr; client" ];
"client @ idle , client-0 @ wait , client-1 @ check , server @ ready ; client -> confirm! / client-1 -> client-1 , client-0 -> request / client-0 -> server" -> "client @ idle , client-0 @ wait , client-1 @ idle , server @ ready ; client-0 -> request / client-0 -> server" [ penwidth=3, label="client &rarr;
confirm! / client-1
&rarr; client-1" ];
"client @ idle , client-0 @ wait , client-1 @ check , server @ ready ; client -> confirm! / client-1 -> client-1 , server -> response / client-0 -> client-0" -> "client @ idle , client-0 @ wait , client-1 @ idle , server @ ready ; server -> response / client-0 -> client-0" [ penwidth=3, label="client &rarr;
confirm! / client-1
&rarr; client-1" ];
"client @ idle , client-0 @ wait , client-1 @ check , server @ ready ; client-0 -> request / client-0 -> server , client-1 -> check / client-1 -> client" -> "client @ idle , client-0 @ wait , client-1 @ check , server @ busy / client-0 ; client-1 -> check / client-1 -> client" [ penwidth=3, label="client-0 &rarr;
request / client-0
&rarr; server" ];
"client @ idle , client-0 @ wait , client-1 @ check , server @ ready ; client-0 -> request / client-0 -> server , client-1 -> check / client-1 -> client" -> "client @ idle , client-0 @ wait , client-1 @ check , server @ ready ; client -> confirm! / client-1 -> client-1 , client-0 -> request / client-0 -> server" [ penwidth=3, label="client-1 &rarr;
check / client-1
&rarr; client" ];
"client @ idle , client-0 @ wait , client-1 @ check , server @ ready ; client-1 -> check / client-1 -> client , server -> response / client-0 -> client-0" -> "client @ idle , client-0 @ wait , client-1 @ check , server @ ready ; client -> confirm! / client-1 -> client-1 , server -> response / client-0 -> client-0" [ penwidth=3, label="client-1 &rarr;
check / client-1
&rarr; client" ];
"client @ idle , client-0 @ wait , client-1 @ check , server @ ready ; client-1 -> check / client-1 -> client , server -> response / client-0 -> client-0" -> "client @ idle , client-0 @ idle , client-1 @ check , server @ ready ; client-1 -> check / client-1 -> client" [ penwidth=3, label="server &rarr;
response / client-0
&rarr; client-0" ];
"client @ idle , client-0 @ wait , client-1 @ idle , server @ busy / client-0" -> "client @ idle , client-0 @ wait , client-1 @ idle , server @ ready ; server -> response / client-0 -> client-0" [ penwidth=3, label="@ busy &rarr;
time
&rarr; server" ];
"client @ idle , client-0 @ wait , client-1 @ idle , server @ busy / client-0" -> "client @ idle , client-0 @ wait , client-1 @ check , server @ busy / client-0 ; client-1 -> check / client-1 -> client" [ penwidth=3, label="@ idle &rarr;
time
&rarr; client-1" ];
"client @ idle , client-0 @ wait , client-1 @ idle , server @ busy / client-0" -> "client @ idle , client-0 @ wait , client-1 @ wait , server @ busy / client-0 ; client-1 -> request / client-1 -> server" [ penwidth=3, label="@ idle &rarr;
time
&rarr; client-1" ];
"client @ idle , client-0 @ wait , client-1 @ idle , server @ ready ; client-0 -> request / client-0 -> server" -> "client @ idle , client-0 @ wait , client-1 @ check , server @ ready ; client-0 -> request / client-0 -> server , client-1 -> check / client-1 -> client" [ penwidth=3, label="@ idle &rarr;
time
&rarr; client-1" ];
"client @ idle , client-0 @ wait , client-1 @ idle , server @ ready ; client-0 -> request / client-0 -> server" -> "client @ idle , client-0 @ wait , client-1 @ wait , server @ ready ; client-0 -> request / client-0 -> server , client-1 -> request / client-1 -> server" [ penwidth=3, label="@ idle &rarr;
time
&rarr; client-1" ];
"client @ idle , client-0 @ wait , client-1 @ idle , server @ ready ; client-0 -> request / client-0 -> server" -> "client @ idle , client-0 @ wait , client-1 @ idle , server @ busy / client-0" [ penwidth=3, label="client-0 &rarr;
request / client-0
&rarr; server" ];
"client @ idle , client-0 @ wait , client-1 @ idle , server @ ready ; server -> response / client-0 -> client-0" -> "client @ idle , client-0 @ wait , client-1 @ check , server @ ready ; client-1 -> check / client-1 -> client , server -> response / client-0 -> client-0" [ penwidth=3, label="@ idle &rarr;
time
&rarr; client-1" ];
"client @ idle , client-0 @ wait , client-1 @ idle , server @ ready ; server -> response / client-0 -> client-0" -> "client @ idle , client-0 @ wait , client-1 @ wait , server @ ready ; client-1 -> request / client-1 -> server , server -> response / client-0 -> client-0" [ penwidth=3, label="@ idle &rarr;
time
&rarr; client-1" ];
"client @ idle , client-0 @ wait , client-1 @ idle , server @ ready ; server -> response / client-0 -> client-0" -> "client @ idle , client-0 @ idle , client-1 @ idle , server @ ready" [ penwidth=3, label="server &rarr;
response / client-0
&rarr; client-0" ];
"client @ idle , client-0 @ wait , client-1 @ wait , server @ busy / client-0 ; client-1 -> request / client-1 -> server" -> "client @ idle , client-0 @ wait , client-1 @ wait , server @ ready ; client-1 -> request / client-1 -> server , server -> response / client-0 -> client-0" [ penwidth=3, label="@ busy &rarr;
time
&rarr; server" ];
"client @ idle , client-0 @ wait , client-1 @ wait , server @ ready ; client-0 -> request / client-0 -> server , client-1 -> request / client-1 -> server" -> "client @ idle , client-0 @ wait , client-1 @ wait , server @ busy / client-0 ; client-1 -> request / client-1 -> server" [ penwidth=3, label="client-0 &rarr;
request / client-0
&rarr; server" ];
"client @ idle , client-0 @ wait , client-1 @ wait , server @ ready ; client-0 -> request / client-0 -> server , client-1 -> request / client-1 -> server" -> "client @ idle , client-0 @ wait , client-1 @ wait , server @ busy / client-1 ; client-0 -> request / client-0 -> server ! agent: server is invalid because: client-1 is banned" [ penwidth=3, label="client-1 &rarr;
request / client-1
&rarr; server" ];
"client @ idle , client-0 @ wait , client-1 @ wait , server @ ready ; client-1 -> request / client-1 -> server , server -> response / client-0 -> client-0" -> "client @ idle , client-0 @ wait , client-1 @ wait , server @ busy / client-1 ; server -> response / client-0 -> client-0 ! agent: server is invalid because: client-1 is banned" [ penwidth=3, label="client-1 &rarr;
request / client-1
&rarr; server" ];
"client @ idle , client-0 @ wait , client-1 @ wait , server @ ready ; client-1 -> request / client-1 -> server , server -> response / client-0 -> client-0" -> "client @ idle , client-0 @ idle , client-1 @ wait , server @ ready ; client-1 -> request / client-1 -> server" [ penwidth=3, label="server &rarr;
response / client-0
&rarr; client-0" ];
"client @ idle , client-0 @ check , client-1 @ check , server @ ready ; client -> confirm! / client-0 -> client-0 , client-1 -> check / client-1 -> client" [ label="client @ idle
client-0 @ check
client-1 @ check
server @ ready
client -> confirm! / client-0 -> client-0
client-1 -> check / client-1 -> client", shape=box, style=filled, color=palegreen];
"client @ idle , client-0 @ check , client-1 @ check , server @ ready ; client -> confirm! / client-1 -> client-1 , client-0 -> check / client-0 -> client" [ label="client @ idle
client-0 @ check
client-1 @ check
server @ ready
client -> confirm! / client-1 -> client-1
client-0 -> check / client-0 -> client", shape=box, style=filled, color=palegreen];
"client @ idle , client-0 @ check , client-1 @ check , server @ ready ; client-0 -> check / client-0 -> client , client-1 -> check / client-1 -> client" [ label="client @ idle
client-0 @ check
client-1 @ check
server @ ready
client-0 -> check / client-0 -> client
client-1 -> check / client-1 -> client", shape=box, style=filled, color=palegreen];
"client @ idle , client-0 @ check , client-1 @ idle , server @ ready ; client -> confirm! / client-0 -> client-0" [ label="client @ idle
client-0 @ check
client-1 @ idle
server @ ready
client -> confirm! / client-0 -> client-0", shape=box, style=filled, color=palegreen];
"client @ idle , client-0 @ check , client-1 @ idle , server @ ready ; client-0 -> check / client-0 -> client" [ label="client @ idle
client-0 @ check
client-1 @ idle
server @ ready
client-0 -> check / client-0 -> client", shape=box, style=filled, color=palegreen];
"client @ idle , client-0 @ check , client-1 @ wait , server @ busy / client-1 ; client-0 -> check / client-0 -> client ! agent: server is invalid because: client-1 is banned" [ label="agent: server is invalid
because: client-1 is banned", shape=box, style=filled, color=lightcoral];
"client @ idle , client-0 @ check , client-1 @ wait , server @ ready ; client -> confirm! / client-0 -> client-0 , client-1 -> request / client-1 -> server" [ label="client @ idle
client-0 @ check
client-1 @ wait
server @ ready
client -> confirm! / client-0 -> client-0
client-1 -> request / client-1 -> server", shape=box, style=filled, color=palegreen];
"client @ idle , client-0 @ check , client-1 @ wait , server @ ready ; client-0 -> check / client-0 -> client , client-1 -> request / client-1 -> server" [ label="client @ idle
client-0 @ check
client-1 @ wait
server @ ready
client-0 -> check / client-0 -> client
client-1 -> request / client-1 -> server", shape=box, style=filled, color=palegreen];
"client @ idle , client-0 @ idle , client-1 @ check , server @ ready ; client -> confirm! / client-1 -> client-1" [ label="client @ idle
client-0 @ idle
client-1 @ check
server @ ready
client -> confirm! / client-1 -> client-1", shape=box, style=filled, color=palegreen];
"client @ idle , client-0 @ idle , client-1 @ check , server @ ready ; client-1 -> check / client-1 -> client" [ label="client @ idle
client-0 @ idle
client-1 @ check
server @ ready
client-1 -> check / client-1 -> client", shape=box, style=filled, color=palegreen];
"client @ idle , client-0 @ idle , client-1 @ idle , server @ ready" [ label="client @ idle
client-0 @ idle
client-1 @ idle
server @ ready", shape=box, style=filled, color=palegreen];
"client @ idle , client-0 @ idle , client-1 @ wait , server @ busy / client-1 ! agent: server is invalid because: client-1 is banned" [ label="agent: server is invalid
because: client-1 is banned", shape=box, style=filled, color=lightcoral];
"client @ idle , client-0 @ idle , client-1 @ wait , server @ ready ; client-1 -> request / client-1 -> server" [ label="client @ idle
client-0 @ idle
client-1 @ wait
server @ ready
client-1 -> request / client-1 -> server", shape=box, style=filled, color=palegreen];
"client @ idle , client-0 @ wait , client-1 @ check , server @ busy / client-0 ; client -> confirm! / client-1 -> client-1" [ label="client @ idle
client-0 @ wait
client-1 @ check
server @ busy / client-0
client -> confirm! / client-1 -> client-1", shape=box, style=filled, color=palegreen];
"client @ idle , client-0 @ wait , client-1 @ check , server @ busy / client-0 ; client-1 -> check / client-1 -> client" [ label="client @ idle
client-0 @ wait
client-1 @ check
server @ busy / client-0
client-1 -> check / client-1 -> client", shape=box, style=filled, color=palegreen];
"client @ idle , client-0 @ wait , client-1 @ check , server @ ready ; client -> confirm! / client-1 -> client-1 , client-0 -> request / client-0 -> server" [ label="client @ idle
client-0 @ wait
client-1 @ check
server @ ready
client -> confirm! / client-1 -> client-1
client-0 -> request / client-0 -> server", shape=box, style=filled, color=palegreen];
"client @ idle , client-0 @ wait , client-1 @ check , server @ ready ; client -> confirm! / client-1 -> client-1 , server -> response / client-0 -> client-0" [ label="client @ idle
client-0 @ wait
client-1 @ check
server @ ready
client -> confirm! / client-1 -> client-1
server -> response / client-0 -> client-0", shape=box, style=filled, color=palegreen];
"client @ idle , client-0 @ wait , client-1 @ check , server @ ready ; client-0 -> request / client-0 -> server , client-1 -> check / client-1 -> client" [ label="client @ idle
client-0 @ wait
client-1 @ check
server @ ready
client-0 -> request / client-0 -> server
client-1 -> check / client-1 -> client", shape=box, style=filled, color=palegreen];
"client @ idle , client-0 @ wait , client-1 @ check , server @ ready ; client-1 -> check / client-1 -> client , server -> response / client-0 -> client-0" [ label="client @ idle
client-0 @ wait
client-1 @ check
server @ ready
client-1 -> check / client-1 -> client
server -> response / client-0 -> client-0", shape=box, style=filled, color=palegreen];
"client @ idle , client-0 @ wait , client-1 @ idle , server @ busy / client-0" [ label="client @ idle
client-0 @ wait
client-1 @ idle
server @ busy / client-0", shape=box, style=filled, color=palegreen];
"client @ idle , client-0 @ wait , client-1 @ idle , server @ ready ; client-0 -> request / client-0 -> server" [ label="client @ idle
client-0 @ wait
client-1 @ idle
server @ ready
client-0 -> request / client-0 -> server", shape=box, style=filled, color=palegreen];
"client @ idle , client-0 @ wait , client-1 @ idle , server @ ready ; server -> response / client-0 -> client-0" [ label="client @ idle
client-0 @ wait
client-1 @ idle
server @ ready
server -> response / client-0 -> client-0", shape=box, style=filled, color=palegreen];
"client @ idle , client-0 @ wait , client-1 @ wait , server @ busy / client-0 ; client-1 -> request / client-1 -> server" [ label="client @ idle
client-0 @ wait
client-1 @ wait
server @ busy / client-0
client-1 -> request / client-1 -> server", shape=box, style=filled, color=palegreen];
"client @ idle , client-0 @ wait , client-1 @ wait , server @ busy / client-1 ; client-0 -> request / client-0 -> server ! agent: server is invalid because: client-1 is banned" [ label="agent: server is invalid
because: client-1 is banned", shape=box, style=filled, color=lightcoral];
"client @ idle , client-0 @ wait , client-1 @ wait , server @ busy / client-1 ; server -> response / client-0 -> client-0 ! agent: server is invalid because: client-1 is banned" [ label="agent: server is invalid
because: client-1 is banned", shape=box, style=filled, color=lightcoral];
"client @ idle , client-0 @ wait , client-1 @ wait , server @ ready ; client-0 -> request / client-0 -> server , client-1 -> request / client-1 -> server" [ label="client @ idle
client-0 @ wait
client-1 @ wait
server @ ready
client-0 -> request / client-0 -> server
client-1 -> request / client-1 -> server", shape=box, style=filled, color=palegreen];
"client @ idle , client-0 @ wait , client-1 @ wait , server @ ready ; client-1 -> request / client-1 -> server , server -> response / client-0 -> client-0" [ label="client @ idle
client-0 @ wait
client-1 @ wait
server @ ready
client-1 -> request / client-1 -> server
server -> response / client-0 -> client-0", shape=box, style=filled, color=palegreen];
}
