from_configuration_name	delivered_message_source_agent_name	delivered_message_name	delivered_message_data	delivered_message_target_agent_name	to_configuration_name
client-0 @ idle , client-1 @ idle , server @ ready	@ idle	time	None	client-0	client-0 @ wait , client-1 @ idle , server @ ready ; client-0 -> request / client-0 -> server
client-0 @ idle , client-1 @ idle , server @ ready	@ idle	time	None	client-1	client-0 @ idle , client-1 @ wait , server @ ready ; client-1 -> request / client-1 -> server
client-0 @ idle , client-1 @ wait , server @ ready ; client-1 -> request / client-1 -> server	@ idle	time	None	client-0	client-0 @ wait , client-1 @ wait , server @ ready ; client-0 -> request / client-0 -> server , client-1 -> request / client-1 -> server
client-0 @ idle , client-1 @ wait , server @ ready ; client-1 -> request / client-1 -> server	client-1	request	client-1	server	client-0 @ idle , client-1 @ wait , server @ busy / client-1 ! agent: server is invalid because: client-1 is banned
client-0 @ wait , client-1 @ idle , server @ busy / client-0	@ busy	time	None	server	client-0 @ wait , client-1 @ idle , server @ ready ; server -> response / client-0 -> client-0
client-0 @ wait , client-1 @ idle , server @ busy / client-0	@ idle	time	None	client-1	client-0 @ wait , client-1 @ wait , server @ busy / client-0 ; client-1 -> request / client-1 -> server
client-0 @ wait , client-1 @ idle , server @ ready ; client-0 -> request / client-0 -> server	@ idle	time	None	client-1	client-0 @ wait , client-1 @ wait , server @ ready ; client-0 -> request / client-0 -> server , client-1 -> request / client-1 -> server
client-0 @ wait , client-1 @ idle , server @ ready ; client-0 -> request / client-0 -> server	client-0	request	client-0	server	client-0 @ wait , client-1 @ idle , server @ busy / client-0
client-0 @ wait , client-1 @ idle , server @ ready ; server -> response / client-0 -> client-0	@ idle	time	None	client-1	client-0 @ wait , client-1 @ wait , server @ ready ; client-1 -> request / client-1 -> server , server -> response / client-0 -> client-0
client-0 @ wait , client-1 @ idle , server @ ready ; server -> response / client-0 -> client-0	server	response	client-0	client-0	client-0 @ idle , client-1 @ idle , server @ ready
client-0 @ wait , client-1 @ wait , server @ busy / client-0 ; client-1 -> request / client-1 -> server	@ busy	time	None	server	client-0 @ wait , client-1 @ wait , server @ ready ; client-1 -> request / client-1 -> server , server -> response / client-0 -> client-0
client-0 @ wait , client-1 @ wait , server @ ready ; client-0 -> request / client-0 -> server , client-1 -> request / client-1 -> server	client-0	request	client-0	server	client-0 @ wait , client-1 @ wait , server @ busy / client-0 ; client-1 -> request / client-1 -> server
client-0 @ wait , client-1 @ wait , server @ ready ; client-0 -> request / client-0 -> server , client-1 -> request / client-1 -> server	client-1	request	client-1	server	client-0 @ wait , client-1 @ wait , server @ busy / client-1 ; client-0 -> request / client-0 -> server ! agent: server is invalid because: client-1 is banned
client-0 @ wait , client-1 @ wait , server @ ready ; client-1 -> request / client-1 -> server , server -> response / client-0 -> client-0	client-1	request	client-1	server	client-0 @ wait , client-1 @ wait , server @ busy / client-1 ; server -> response / client-0 -> client-0 ! agent: server is invalid because: client-1 is banned
client-0 @ wait , client-1 @ wait , server @ ready ; client-1 -> request / client-1 -> server , server -> response / client-0 -> client-0	server	response	client-0	client-0	client-0 @ idle , client-1 @ wait , server @ ready ; client-1 -> request / client-1 -> server
