client-0 @ idle , client-1 @ idle , server @ ready
client-0 @ idle , client-1 @ wait , server @ busy / client-1
client-0 @ idle , client-1 @ wait , server @ ready ; client-1 -> request / client-1 -> server
client-0 @ idle , client-1 @ wait , server @ ready ; server -> response / client-1 -> client-1
client-0 @ wait , client-1 @ idle , server @ busy / client-0
client-0 @ wait , client-1 @ idle , server @ ready ; client-0 -> request / client-0 -> server
client-0 @ wait , client-1 @ idle , server @ ready ; server -> response / client-0 -> client-0
client-0 @ wait , client-1 @ wait , server @ busy / client-0 ; client-1 -> request / client-1 -> server
client-0 @ wait , client-1 @ wait , server @ busy / client-0 ; server -> response / client-1 -> client-1
client-0 @ wait , client-1 @ wait , server @ busy / client-1 ; client-0 -> request / client-0 -> server
client-0 @ wait , client-1 @ wait , server @ busy / client-1 ; server -> response / client-0 -> client-0
client-0 @ wait , client-1 @ wait , server @ ready ; client-0 -> request / client-0 -> server , client-1 -> request / client-1 -> server
client-0 @ wait , client-1 @ wait , server @ ready ; client-0 -> request / client-0 -> server , server -> response / client-1 -> client-1
client-0 @ wait , client-1 @ wait , server @ ready ; client-1 -> request / client-1 -> server , server -> response / client-0 -> client-0
client-0 @ wait , client-1 @ wait , server @ ready ; server -> response / client-0 -> client-0 , server -> response / client-1 -> client-1
